{
  "apiVersion": "k8s.cni.cncf.io/v1",
  "kind": "NetworkAttachmentDefinition",
  "metadata": {
    "annotations": {
      "k8s.v1.cni.cncf.io/resourceName": "/testresource"
    },
    "name": null,
    "namespace": "testnamespace"
  },
  "spec": {
    "config": "{ \"cniVersion\":\"1.0.0\", \"name\":\"\",\"plugins\": [ {\"type\":\"sriov\",\"vlan\":0,\"vlanQoS\":0,\"ipam\":{} },\n{ \"type\": \"vrf\", \"vrfname\": \"blue\" }\n] }"
  }
}
